******************************************************************************
                  MSP430 Linker PC v21.6.0                     
******************************************************************************
>> Linked Wed Oct 27 21:31:43 2021

OUTPUT FILE NAME:   <NoteIt.out>
ENTRY POINT SYMBOL: "_c_int00_noargs"  address: 0000cb00


MEMORY CONFIGURATION

         name            origin    length      used     unused   attr    fill
----------------------  --------  ---------  --------  --------  ----  --------
  SFR                   00000000   00000010  00000000  00000010  RWIX
  PERIPHERALS_8BIT      00000010   000000f0  00000000  000000f0  RWIX
  PERIPHERALS_16BIT     00000100   00000100  00000000  00000100  RWIX
  RAM                   00000200   00000200  000000da  00000126  RWIX
  INFOD                 00001000   00000040  00000000  00000040  RWIX
  INFOC                 00001040   00000040  00000000  00000040  RWIX
  INFOB                 00001080   00000040  00000000  00000040  RWIX
  INFOA                 000010c0   00000040  00000000  00000040  RWIX
  FLASH                 0000c000   00003fde  00000bde  00003400  RWIX
  BSLSIGNATURE          0000ffde   00000002  00000002  00000000  RWIX  ffff 
  INT00                 0000ffe0   00000002  00000002  00000000  RWIX
  INT01                 0000ffe2   00000002  00000000  00000002  RWIX
  INT02                 0000ffe4   00000002  00000002  00000000  RWIX
  INT03                 0000ffe6   00000002  00000002  00000000  RWIX
  INT04                 0000ffe8   00000002  00000000  00000002  RWIX
  INT05                 0000ffea   00000002  00000002  00000000  RWIX
  INT06                 0000ffec   00000002  00000002  00000000  RWIX
  INT07                 0000ffee   00000002  00000002  00000000  RWIX
  INT08                 0000fff0   00000002  00000002  00000000  RWIX
  INT09                 0000fff2   00000002  00000002  00000000  RWIX
  INT10                 0000fff4   00000002  00000002  00000000  RWIX
  INT11                 0000fff6   00000002  00000002  00000000  RWIX
  INT12                 0000fff8   00000002  00000002  00000000  RWIX
  INT13                 0000fffa   00000002  00000002  00000000  RWIX
  INT14                 0000fffc   00000002  00000002  00000000  RWIX
  RESET                 0000fffe   00000002  00000002  00000000  RWIX


SECTION ALLOCATION MAP

 output                                  attributes/
section   page    origin      length       input sections
--------  ----  ----------  ----------   ----------------
.bss       0    00000200    00000080     UNINITIALIZED
                  00000200    00000080     (.common:buffer)

.data      0    00000280    0000000a     UNINITIALIZED
                  00000280    0000000a     main.obj (.data)

.stack     0    000003b0    00000050     UNINITIALIZED
                  000003b0    00000002     rts430_eabi.lib : boot.c.obj (.stack)
                  000003b2    0000004e     --HOLE--

.text      0    0000c000    00000bc0     
                  0000c000    00000246     main.obj (.text:main)
                  0000c246    0000020a     mmc.obj (.text:mmcReadCardSize)
                  0000c450    0000009e     mmc.obj (.text:mmcReadBlock)
                  0000c4ee    0000009c     mmc.obj (.text:mmcWriteBlock)
                  0000c58a    0000007e     mmc.obj (.text:mmcCheckBusy)
                  0000c608    0000007c     rts430_eabi.lib : copy_decompress_lzss.c.obj (.text:decompress:lzss:__TI_decompress_lzss)
                  0000c684    0000007c     mmc.obj (.text:mmcGoIdle)
                  0000c700    00000078     mmc.obj (.text:mmcInit)
                  0000c778    00000076     mmc.obj (.text:mmcSendCmd)
                  0000c7ee    00000066     hal_SPI.obj (.text:spiSendFrame)
                  0000c854    00000060     hal_SPI.obj (.text:spiReadFrame)
                  0000c8b4    00000058     mmc.obj (.text:mmcSetBlockLength)
                  0000c90c    0000004c     rts430_eabi.lib : lsr16.asm.obj (.text)
                  0000c958    00000042                     : autoinit.c.obj (.text:__TI_auto_init_nobinit_nopinit:__TI_auto_init_nobinit_nopinit)
                  0000c99a    0000003e                     : lsl32.asm.obj (.text:l_lsl_const)
                  0000c9d8    00000038     mmc.obj (.text:mmcGetResponse)
                  0000ca10    00000038     mmc.obj (.text:mmcGetXXResponse)
                  0000ca48    0000002c     rts430_eabi.lib : lsl16.asm.obj (.text)
                  0000ca74    0000002a     main.obj (.text:ISR_GPIO_PORT_2)
                  0000ca9e    00000026     rts430_eabi.lib : mult32.asm.obj (.text)
                  0000cac4    0000001e     peripherals.obj (.text:Init_Oscillator)
                  0000cae2    0000001e     hal_SPI.obj (.text:spiSendByte)
                  0000cb00    0000001c     rts430_eabi.lib : boot.c.obj (.text:_c_int00_noargs)
                  0000cb1c    0000001a     hal_SPI.obj (.text:halSPISetup)
                  0000cb36    00000014     rts430_eabi.lib : copy_zero_init.c.obj (.text:decompress:ZI:__TI_zero_init_nomemset:__TI_zero_init_nomemset)
                  0000cb4a    00000012                     : copy_decompress_none.c.obj (.text:decompress:none:__TI_decompress_none)
                  0000cb5c    00000012                     : lsr32.asm.obj (.text:l_lsr)
                  0000cb6e    00000012                     : memcpy.c.obj (.text:memcpy)
                  0000cb80    00000010                     : epilog.asm.obj (.text)
                  0000cb90    0000000e     mmc.obj (.text:mmcPing)
                  0000cb9e    00000008     peripherals.obj (.text:Init_Watchdog)
                  0000cba6    00000008     rts430_eabi.lib : isr_trap.asm.obj (.text:_isr:__TI_ISR_TRAP)
                  0000cbae    00000006                     : exit.c.obj (.text:abort)
                  0000cbb4    00000004     main.obj (.text:USCIAB0RX_ISR)
                  0000cbb8    00000004     rts430_eabi.lib : pre_init.c.obj (.text:_system_pre_init)
                  0000cbbc    00000002     main.obj (.text:ISR_Timer_A0)
                  0000cbbe    00000002     rts430_eabi.lib : startup.c.obj (.text:_system_post_cinit)

.cinit     0    0000cbc0    0000001e     
                  0000cbc0    0000000b     (.cinit..data.load) [load image, compression = lzss]
                  0000cbcb    00000001     --HOLE-- [fill = 0]
                  0000cbcc    00000006     (__TI_handler_table)
                  0000cbd2    00000004     (.cinit..bss.load) [load image, compression = zero_init]
                  0000cbd6    00000008     (__TI_cinit_table)

.binit     0    0000c000    00000000     

.init_array 
*          0    0000c000    00000000     UNINITIALIZED

TRAPINT    0    0000ffe0    00000002     
                  0000ffe0    00000002     rts430_eabi.lib : int00.asm.obj (.int00)

PORT1      0    0000ffe4    00000002     
                  0000ffe4    00000002     rts430_eabi.lib : int02.asm.obj (.int02)

PORT2      0    0000ffe6    00000002     
                  0000ffe6    00000002     main.obj (.int03)

ADC10      0    0000ffea    00000002     
                  0000ffea    00000002     rts430_eabi.lib : int05.asm.obj (.int05)

USCIAB0TX 
*          0    0000ffec    00000002     
                  0000ffec    00000002     rts430_eabi.lib : int06.asm.obj (.int06)

USCIAB0RX 
*          0    0000ffee    00000002     
                  0000ffee    00000002     main.obj (.int07)

TIMER0_A1 
*          0    0000fff0    00000002     
                  0000fff0    00000002     rts430_eabi.lib : int08.asm.obj (.int08)

TIMER0_A0 
*          0    0000fff2    00000002     
                  0000fff2    00000002     main.obj (.int09)

WDT        0    0000fff4    00000002     
                  0000fff4    00000002     rts430_eabi.lib : int10.asm.obj (.int10)

COMPARATORA 
*          0    0000fff6    00000002     
                  0000fff6    00000002     rts430_eabi.lib : int11.asm.obj (.int11)

TIMER1_A1 
*          0    0000fff8    00000002     
                  0000fff8    00000002     rts430_eabi.lib : int12.asm.obj (.int12)

TIMER1_A0 
*          0    0000fffa    00000002     
                  0000fffa    00000002     rts430_eabi.lib : int13.asm.obj (.int13)

NMI        0    0000fffc    00000002     
                  0000fffc    00000002     rts430_eabi.lib : int14.asm.obj (.int14)

.reset     0    0000fffe    00000002     
                  0000fffe    00000002     rts430_eabi.lib : boot.c.obj (.reset)

$fill000   0    0000ffde    00000002     
                  0000ffde    00000002     --HOLE-- [fill = ffff]

MODULE SUMMARY

       Module                       code   ro data   rw data
       ------                       ----   -------   -------
    .\
       main.obj                     630    6         138    
    +--+----------------------------+------+---------+---------+
       Total:                       630    6         138    
                                                            
    .\myLibs\peripherals\
       peripherals.obj              38     0         0      
    +--+----------------------------+------+---------+---------+
       Total:                       38     0         0      
                                                            
    .\myLibs\sdcard\
       mmc.obj                      1538   0         0      
       hal_SPI.obj                  254    0         0      
    +--+----------------------------+------+---------+---------+
       Total:                       1792   0         0      
                                                            
    C:\ti\ccs1100\ccs\tools\compiler\ti-cgt-msp430_21.6.0.LTS\lib\rts430_eabi.lib
       copy_decompress_lzss.c.obj   124    0         0      
       lsr16.asm.obj                76     0         0      
       autoinit.c.obj               66     0         0      
       lsl32.asm.obj                62     0         0      
       lsl16.asm.obj                44     0         0      
       mult32.asm.obj               38     0         0      
       boot.c.obj                   28     2         0      
       copy_zero_init.c.obj         20     0         0      
       copy_decompress_none.c.obj   18     0         0      
       lsr32.asm.obj                18     0         0      
       memcpy.c.obj                 18     0         0      
       epilog.asm.obj               16     0         0      
       isr_trap.asm.obj             8      0         0      
       exit.c.obj                   6      0         0      
       pre_init.c.obj               4      0         0      
       int00.asm.obj                0      2         0      
       int02.asm.obj                0      2         0      
       int05.asm.obj                0      2         0      
       int06.asm.obj                0      2         0      
       int08.asm.obj                0      2         0      
       int10.asm.obj                0      2         0      
       int11.asm.obj                0      2         0      
       int12.asm.obj                0      2         0      
       int13.asm.obj                0      2         0      
       int14.asm.obj                0      2         0      
       startup.c.obj                2      0         0      
    +--+----------------------------+------+---------+---------+
       Total:                       548    22        0      
                                                            
       Stack:                       0      0         80     
       Linker Generated:            0      29        0      
    +--+----------------------------+------+---------+---------+
       Grand Total:                 3008   57        218    


LINKER GENERATED COPY TABLES

__TI_cinit_table @ 0000cbd6 records: 2, size/record: 4, table size: 8
	.data: load addr=0000cbc0, load size=0000000b bytes, run addr=00000280, run size=0000000a bytes, compression=lzss
	.bss: load addr=0000cbd2, load size=00000004 bytes, run addr=00000200, run size=00000080 bytes, compression=zero_init


LINKER GENERATED HANDLER TABLE

__TI_handler_table @ 0000cbcc records: 3, size/record: 2, table size: 6
	index: 0, handler: __TI_zero_init
	index: 1, handler: __TI_decompress_lzss
	index: 2, handler: __TI_decompress_none


GLOBAL SYMBOLS: SORTED ALPHABETICALLY BY Name 

address   name                          
-------   ----                          
0000004a  ADC10AE0                      
000001b0  ADC10CTL0                     
000001b2  ADC10CTL1                     
00000048  ADC10DTC0                     
00000049  ADC10DTC1                     
000001b4  ADC10MEM                      
000001bc  ADC10SA                       
00000057  BCSCTL1                       
00000058  BCSCTL2                       
00000053  BCSCTL3                       
0000cbae  C$$EXIT                       
00000059  CACTL1                        
0000005a  CACTL2                        
000010fb  CALBC1_12MHZ                  
000010f9  CALBC1_16MHZ                  
000010ff  CALBC1_1MHZ                   
000010fd  CALBC1_8MHZ                   
000010fa  CALDCO_12MHZ                  
000010f8  CALDCO_16MHZ                  
000010fe  CALDCO_1MHZ                   
000010fc  CALDCO_8MHZ                   
0000005b  CAPD                          
00000056  DCOCTL                        
00000128  FCTL1                         
0000012a  FCTL2                         
0000012c  FCTL3                         
00000000  IE1                           
00000001  IE2                           
00000002  IFG1                          
00000003  IFG2                          
0000ca74  ISR_GPIO_PORT_2               
0000cbbc  ISR_Timer_A0                  
0000cac4  Init_Oscillator               
0000cb9e  Init_Watchdog                 
00000022  P1DIR                         
00000025  P1IE                          
00000024  P1IES                         
00000023  P1IFG                         
00000020  P1IN                          
00000021  P1OUT                         
00000027  P1REN                         
00000026  P1SEL                         
00000041  P1SEL2                        
0000002a  P2DIR                         
0000002d  P2IE                          
0000002c  P2IES                         
0000002b  P2IFG                         
00000028  P2IN                          
00000029  P2OUT                         
0000002f  P2REN                         
0000002e  P2SEL                         
00000042  P2SEL2                        
0000001a  P3DIR                         
00000018  P3IN                          
00000019  P3OUT                         
00000010  P3REN                         
0000001b  P3SEL                         
00000043  P3SEL2                        
00000172  TA0CCR0                       
00000174  TA0CCR1                       
00000176  TA0CCR2                       
00000162  TA0CCTL0                      
00000164  TA0CCTL1                      
00000166  TA0CCTL2                      
00000160  TA0CTL                        
0000012e  TA0IV                         
00000170  TA0R                          
00000192  TA1CCR0                       
00000194  TA1CCR1                       
00000196  TA1CCR2                       
00000182  TA1CCTL0                      
00000184  TA1CCTL1                      
00000186  TA1CCTL2                      
00000180  TA1CTL                        
0000011e  TA1IV                         
00000190  TA1R                          
000010db  TLV_ADC10_1_LEN               
000010da  TLV_ADC10_1_TAG               
000010c0  TLV_CHECKSUM                  
000010f7  TLV_DCO_30_LEN                
000010f6  TLV_DCO_30_TAG                
0000005d  UCA0ABCTL                     
00000062  UCA0BR0                       
00000063  UCA0BR1                       
00000060  UCA0CTL0                      
00000061  UCA0CTL1                      
0000005f  UCA0IRRCTL                    
0000005e  UCA0IRTCTL                    
00000064  UCA0MCTL                      
00000066  UCA0RXBUF                     
00000065  UCA0STAT                      
00000067  UCA0TXBUF                     
0000006a  UCB0BR0                       
0000006b  UCB0BR1                       
00000068  UCB0CTL0                      
00000069  UCB0CTL1                      
0000006c  UCB0I2CIE                     
00000118  UCB0I2COA                     
0000011a  UCB0I2CSA                     
0000006e  UCB0RXBUF                     
0000006d  UCB0STAT                      
0000006f  UCB0TXBUF                     
0000cbb4  USCIAB0RX_ISR                 
00000120  WDTCTL                        
00000400  __STACK_END                   
00000050  __STACK_SIZE                  
0000cbd6  __TI_CINIT_Base               
0000cbde  __TI_CINIT_Limit              
0000cbde  __TI_CINIT_Warm               
0000cbcc  __TI_Handler_Table_Base       
0000cbd2  __TI_Handler_Table_Limit      
0000cba6  __TI_ISR_TRAP                 
0000c958  __TI_auto_init_nobinit_nopinit
0000c608  __TI_decompress_lzss          
0000cb4a  __TI_decompress_none          
0000ffe0  __TI_int00                    
0000ffe4  __TI_int02                    
0000ffe6  __TI_int03                    
0000ffea  __TI_int05                    
0000ffec  __TI_int06                    
0000ffee  __TI_int07                    
0000fff0  __TI_int08                    
0000fff2  __TI_int09                    
0000fff4  __TI_int10                    
0000fff6  __TI_int11                    
0000fff8  __TI_int12                    
0000fffa  __TI_int13                    
0000fffc  __TI_int14                    
ffffffff  __TI_pprof_out_hndl           
ffffffff  __TI_prof_data_size           
ffffffff  __TI_prof_data_start          
0000cb36  __TI_zero_init_nomemset       
ffffffff  __c_args__                    
0000cb8c  __mspabi_func_epilog_1        
0000cb8a  __mspabi_func_epilog_2        
0000cb88  __mspabi_func_epilog_3        
0000cb86  __mspabi_func_epilog_4        
0000cb84  __mspabi_func_epilog_5        
0000cb82  __mspabi_func_epilog_6        
0000cb80  __mspabi_func_epilog_7        
0000ca9e  __mspabi_mpyl                 
0000ca9e  __mspabi_mpyl_sw              
0000ca48  __mspabi_slli                 
0000ca70  __mspabi_slli_1               
0000ca5e  __mspabi_slli_10              
0000ca5c  __mspabi_slli_11              
0000ca5a  __mspabi_slli_12              
0000ca58  __mspabi_slli_13              
0000ca56  __mspabi_slli_14              
0000ca54  __mspabi_slli_15              
0000ca6e  __mspabi_slli_2               
0000ca6c  __mspabi_slli_3               
0000ca6a  __mspabi_slli_4               
0000ca68  __mspabi_slli_5               
0000ca66  __mspabi_slli_6               
0000ca64  __mspabi_slli_7               
0000ca62  __mspabi_slli_8               
0000ca60  __mspabi_slli_9               
0000c9d2  __mspabi_slll_1               
0000c9ae  __mspabi_slll_10              
0000c9aa  __mspabi_slll_11              
0000c9a6  __mspabi_slll_12              
0000c9a2  __mspabi_slll_13              
0000c99e  __mspabi_slll_14              
0000c99a  __mspabi_slll_15              
0000c9ce  __mspabi_slll_2               
0000c9ca  __mspabi_slll_3               
0000c9c6  __mspabi_slll_4               
0000c9c2  __mspabi_slll_5               
0000c9be  __mspabi_slll_6               
0000c9ba  __mspabi_slll_7               
0000c9b6  __mspabi_slll_8               
0000c9b2  __mspabi_slll_9               
0000c90c  __mspabi_srli                 
0000c952  __mspabi_srli_1               
0000c92e  __mspabi_srli_10              
0000c92a  __mspabi_srli_11              
0000c926  __mspabi_srli_12              
0000c922  __mspabi_srli_13              
0000c91e  __mspabi_srli_14              
0000c91a  __mspabi_srli_15              
0000c94e  __mspabi_srli_2               
0000c94a  __mspabi_srli_3               
0000c946  __mspabi_srli_4               
0000c942  __mspabi_srli_5               
0000c93e  __mspabi_srli_6               
0000c93a  __mspabi_srli_7               
0000c936  __mspabi_srli_8               
0000c932  __mspabi_srli_9               
0000cb5c  __mspabi_srll                 
0000cb00  _c_int00_noargs               
0000fffe  _reset_vector                 
000003b0  _stack                        
0000cbbe  _system_post_cinit            
0000cbb8  _system_pre_init              
0000cbae  abort                         
00000200  buffer                        
00000280  cardSize                      
0000cb1c  halSPISetup                   
00000288  i                             
0000c000  main                          
0000cb6e  memcpy                        
0000c58a  mmcCheckBusy                  
0000c9d8  mmcGetResponse                
0000ca10  mmcGetXXResponse              
0000c684  mmcGoIdle                     
0000c700  mmcInit                       
0000cb90  mmcPing                       
0000c450  mmcReadBlock                  
0000c246  mmcReadCardSize               
0000c778  mmcSendCmd                    
0000c8b4  mmcSetBlockLength             
0000c4ee  mmcWriteBlock                 
0000c854  spiReadFrame                  
0000cae2  spiSendByte                   
0000c7ee  spiSendFrame                  
00000284  status                        
00000286  timeout                       


GLOBAL SYMBOLS: SORTED BY Symbol Address 

address   name                          
-------   ----                          
00000000  IE1                           
00000001  IE2                           
00000002  IFG1                          
00000003  IFG2                          
00000010  P3REN                         
00000018  P3IN                          
00000019  P3OUT                         
0000001a  P3DIR                         
0000001b  P3SEL                         
00000020  P1IN                          
00000021  P1OUT                         
00000022  P1DIR                         
00000023  P1IFG                         
00000024  P1IES                         
00000025  P1IE                          
00000026  P1SEL                         
00000027  P1REN                         
00000028  P2IN                          
00000029  P2OUT                         
0000002a  P2DIR                         
0000002b  P2IFG                         
0000002c  P2IES                         
0000002d  P2IE                          
0000002e  P2SEL                         
0000002f  P2REN                         
00000041  P1SEL2                        
00000042  P2SEL2                        
00000043  P3SEL2                        
00000048  ADC10DTC0                     
00000049  ADC10DTC1                     
0000004a  ADC10AE0                      
00000050  __STACK_SIZE                  
00000053  BCSCTL3                       
00000056  DCOCTL                        
00000057  BCSCTL1                       
00000058  BCSCTL2                       
00000059  CACTL1                        
0000005a  CACTL2                        
0000005b  CAPD                          
0000005d  UCA0ABCTL                     
0000005e  UCA0IRTCTL                    
0000005f  UCA0IRRCTL                    
00000060  UCA0CTL0                      
00000061  UCA0CTL1                      
00000062  UCA0BR0                       
00000063  UCA0BR1                       
00000064  UCA0MCTL                      
00000065  UCA0STAT                      
00000066  UCA0RXBUF                     
00000067  UCA0TXBUF                     
00000068  UCB0CTL0                      
00000069  UCB0CTL1                      
0000006a  UCB0BR0                       
0000006b  UCB0BR1                       
0000006c  UCB0I2CIE                     
0000006d  UCB0STAT                      
0000006e  UCB0RXBUF                     
0000006f  UCB0TXBUF                     
00000118  UCB0I2COA                     
0000011a  UCB0I2CSA                     
0000011e  TA1IV                         
00000120  WDTCTL                        
00000128  FCTL1                         
0000012a  FCTL2                         
0000012c  FCTL3                         
0000012e  TA0IV                         
00000160  TA0CTL                        
00000162  TA0CCTL0                      
00000164  TA0CCTL1                      
00000166  TA0CCTL2                      
00000170  TA0R                          
00000172  TA0CCR0                       
00000174  TA0CCR1                       
00000176  TA0CCR2                       
00000180  TA1CTL                        
00000182  TA1CCTL0                      
00000184  TA1CCTL1                      
00000186  TA1CCTL2                      
00000190  TA1R                          
00000192  TA1CCR0                       
00000194  TA1CCR1                       
00000196  TA1CCR2                       
000001b0  ADC10CTL0                     
000001b2  ADC10CTL1                     
000001b4  ADC10MEM                      
000001bc  ADC10SA                       
00000200  buffer                        
00000280  cardSize                      
00000284  status                        
00000286  timeout                       
00000288  i                             
000003b0  _stack                        
00000400  __STACK_END                   
000010c0  TLV_CHECKSUM                  
000010da  TLV_ADC10_1_TAG               
000010db  TLV_ADC10_1_LEN               
000010f6  TLV_DCO_30_TAG                
000010f7  TLV_DCO_30_LEN                
000010f8  CALDCO_16MHZ                  
000010f9  CALBC1_16MHZ                  
000010fa  CALDCO_12MHZ                  
000010fb  CALBC1_12MHZ                  
000010fc  CALDCO_8MHZ                   
000010fd  CALBC1_8MHZ                   
000010fe  CALDCO_1MHZ                   
000010ff  CALBC1_1MHZ                   
0000c000  main                          
0000c246  mmcReadCardSize               
0000c450  mmcReadBlock                  
0000c4ee  mmcWriteBlock                 
0000c58a  mmcCheckBusy                  
0000c608  __TI_decompress_lzss          
0000c684  mmcGoIdle                     
0000c700  mmcInit                       
0000c778  mmcSendCmd                    
0000c7ee  spiSendFrame                  
0000c854  spiReadFrame                  
0000c8b4  mmcSetBlockLength             
0000c90c  __mspabi_srli                 
0000c91a  __mspabi_srli_15              
0000c91e  __mspabi_srli_14              
0000c922  __mspabi_srli_13              
0000c926  __mspabi_srli_12              
0000c92a  __mspabi_srli_11              
0000c92e  __mspabi_srli_10              
0000c932  __mspabi_srli_9               
0000c936  __mspabi_srli_8               
0000c93a  __mspabi_srli_7               
0000c93e  __mspabi_srli_6               
0000c942  __mspabi_srli_5               
0000c946  __mspabi_srli_4               
0000c94a  __mspabi_srli_3               
0000c94e  __mspabi_srli_2               
0000c952  __mspabi_srli_1               
0000c958  __TI_auto_init_nobinit_nopinit
0000c99a  __mspabi_slll_15              
0000c99e  __mspabi_slll_14              
0000c9a2  __mspabi_slll_13              
0000c9a6  __mspabi_slll_12              
0000c9aa  __mspabi_slll_11              
0000c9ae  __mspabi_slll_10              
0000c9b2  __mspabi_slll_9               
0000c9b6  __mspabi_slll_8               
0000c9ba  __mspabi_slll_7               
0000c9be  __mspabi_slll_6               
0000c9c2  __mspabi_slll_5               
0000c9c6  __mspabi_slll_4               
0000c9ca  __mspabi_slll_3               
0000c9ce  __mspabi_slll_2               
0000c9d2  __mspabi_slll_1               
0000c9d8  mmcGetResponse                
0000ca10  mmcGetXXResponse              
0000ca48  __mspabi_slli                 
0000ca54  __mspabi_slli_15              
0000ca56  __mspabi_slli_14              
0000ca58  __mspabi_slli_13              
0000ca5a  __mspabi_slli_12              
0000ca5c  __mspabi_slli_11              
0000ca5e  __mspabi_slli_10              
0000ca60  __mspabi_slli_9               
0000ca62  __mspabi_slli_8               
0000ca64  __mspabi_slli_7               
0000ca66  __mspabi_slli_6               
0000ca68  __mspabi_slli_5               
0000ca6a  __mspabi_slli_4               
0000ca6c  __mspabi_slli_3               
0000ca6e  __mspabi_slli_2               
0000ca70  __mspabi_slli_1               
0000ca74  ISR_GPIO_PORT_2               
0000ca9e  __mspabi_mpyl                 
0000ca9e  __mspabi_mpyl_sw              
0000cac4  Init_Oscillator               
0000cae2  spiSendByte                   
0000cb00  _c_int00_noargs               
0000cb1c  halSPISetup                   
0000cb36  __TI_zero_init_nomemset       
0000cb4a  __TI_decompress_none          
0000cb5c  __mspabi_srll                 
0000cb6e  memcpy                        
0000cb80  __mspabi_func_epilog_7        
0000cb82  __mspabi_func_epilog_6        
0000cb84  __mspabi_func_epilog_5        
0000cb86  __mspabi_func_epilog_4        
0000cb88  __mspabi_func_epilog_3        
0000cb8a  __mspabi_func_epilog_2        
0000cb8c  __mspabi_func_epilog_1        
0000cb90  mmcPing                       
0000cb9e  Init_Watchdog                 
0000cba6  __TI_ISR_TRAP                 
0000cbae  C$$EXIT                       
0000cbae  abort                         
0000cbb4  USCIAB0RX_ISR                 
0000cbb8  _system_pre_init              
0000cbbc  ISR_Timer_A0                  
0000cbbe  _system_post_cinit            
0000cbcc  __TI_Handler_Table_Base       
0000cbd2  __TI_Handler_Table_Limit      
0000cbd6  __TI_CINIT_Base               
0000cbde  __TI_CINIT_Limit              
0000cbde  __TI_CINIT_Warm               
0000ffe0  __TI_int00                    
0000ffe4  __TI_int02                    
0000ffe6  __TI_int03                    
0000ffea  __TI_int05                    
0000ffec  __TI_int06                    
0000ffee  __TI_int07                    
0000fff0  __TI_int08                    
0000fff2  __TI_int09                    
0000fff4  __TI_int10                    
0000fff6  __TI_int11                    
0000fff8  __TI_int12                    
0000fffa  __TI_int13                    
0000fffc  __TI_int14                    
0000fffe  _reset_vector                 
ffffffff  __TI_pprof_out_hndl           
ffffffff  __TI_prof_data_size           
ffffffff  __TI_prof_data_start          
ffffffff  __c_args__                    

[218 symbols]
